RAM Allocation [bytes]
Variable                                                                          Address   Size
------------------------------------------------------------------------------------------------
prtc_get_time                                                                     0x0A34       2
prtc_get_date                                                                     0x0A36       2
cursor                                                                            0x0A38       1
time_count_all                                                                    0x0A39       2
time_count_ciph                                                                   0x0A3B       2
br                                                                                0x0A3D       2
n                                                                                 0x0A3F       2
i                                                                                 0x0A41       1
option                                                                            0x0A42       1
key_set                                                                           0x0A43       1
file_name                                                                         0x0A44      50
key                                                                               0x0A76      16
expanded_key                                                                      0x0A86     176
aux                                                                               0x0B36      20
buffer_in                                                                         0x0B4A     512
buffer_out                                                                        0x0D4A     512
status                                                                            0x0F4A       1
timer1                                                                            0x0F4B       1
timer2                                                                            0x0F4C       1
card_type                                                                         0x0F4D       1
flags_S100000C000                                                                 0x0F4E       1
FatFs                                                                             0x0F4F       2
Fsid                                                                              0x0F51       2
Drive                                                                             0x0F53       1

EEPROM Allocation [bytes]
Variable                                                                          Address   Size
------------------------------------------------------------------------------------------------

Register Allocation
Variable                                                                          Register  Size
------------------------------------------------------------------------------------------------

FLASH Allocation [words]
Function                                                                          Address   Size
------------------------------------------------------------------------------------------------
SetupLCD                                                                          0x00618     42
PulseEn                                                                           0x00642      3
SendDataBitsLCD                                                                   0x00645     27
WriteComandLCD                                                                    0x00660     12
CharLCD                                                                           0x0066C     12
StringLCD                                                                         0x00678     15
StringLCDVar                                                                      0x00687     16
EraseLCD                                                                          0x00697      3
MoveCursor                                                                        0x0069A     31
_sub_array                                                                        0x006B9     28
_rotate                                                                           0x006D5     26
_schedule_core                                                                    0x006EF     34
expand_key                                                                        0x00711    101
_rotate_key                                                                       0x00776     48
_sub_bytes                                                                        0x007A6     17
_shift_rows                                                                       0x007B7     86
_mix_columns                                                                      0x0080D    119
_add_round_key                                                                    0x00884     25
_block_cipher                                                                     0x0089D     44
cipher                                                                            0x008C9     89
timer0_compa_isr                                                                  0x00922      5
timer1_compa_isr                                                                  0x00927     29
timer2_compa_isr                                                                  0x00944     16
start_timer_all                                                                   0x00954      2
reset_timer_all                                                                   0x00956      8
stop_timer_all                                                                    0x0095E      4
start_timer_ciph                                                                  0x00962      2
reset_timer_ciph                                                                  0x00964      7
stop_timer_ciph                                                                   0x0096B      3
main                                                                              0x0096E    488
crc7_G100                                                                         0x00B56     29
wait_ready_G100                                                                   0x00B73     25
deselect_card_G100                                                                0x00B8C      7
rx_datablock_G100                                                                 0x00B93    101
tx_datablock_G100                                                                 0x00BF8     67
send_cmd_G100                                                                     0x00C3B     99
rx_spi4_G100                                                                      0x00C9E     20
disk_initialize                                                                   0x00CB2    210
disk_status                                                                       0x00D84     10
disk_read                                                                         0x00D8E    100
disk_write                                                                        0x00DF2    119
disk_ioctl                                                                        0x00E69    405
disk_timerproc                                                                    0x00FFE     54
get_fattime                                                                       0x01034    127
chk_chrf_G101                                                                     0x010B3     23
move_window_G101                                                                  0x010CA    103
sync_G101                                                                         0x01131    106
get_fat                                                                           0x0119B    123
put_fat                                                                           0x01216    160
remove_chain_G101                                                                 0x012B6     92
create_chain_G101                                                                 0x01312    199
clust2sect                                                                        0x013D9     56
dir_seek_G101                                                                     0x01411    146
dir_next_G101                                                                     0x014A3    233
dir_find_G101                                                                     0x0158C     46
dir_register_G101                                                                 0x015BA     68
create_name_G101                                                                  0x015FE    174
follow_path_G101                                                                  0x016AC    135
check_fs_G101                                                                     0x01733     50
chk_mounted                                                                       0x01765    502
validate_G101                                                                     0x0195B     34
f_mount                                                                           0x0197D     43
f_open                                                                            0x019A8    315
f_read                                                                            0x01AE3    363
f_write                                                                           0x01C4E    428
f_sync                                                                            0x01DFA    138
f_close                                                                           0x01E84     16
getchar                                                                           0x01E94      7
putchar                                                                           0x01E9B     10
puts                                                                              0x01EA5     18
gets                                                                              0x01EB7     47
put_usart_G102                                                                    0x01EE6     10
put_buff_G102                                                                     0x01EF0     56
_print_G102                                                                       0x01F28    316
sprintf                                                                           0x02064     54
printf                                                                            0x0209A     35
memcmp                                                                            0x020BD     25
memcpy                                                                            0x020D6     18
memset                                                                            0x020E8     16
strcat                                                                            0x020F8     17
strlen                                                                            0x02109     12
strlenf                                                                           0x02115     13
